D:\src\Script\spamdata\script\checkdb.sh
D:\src\Script\spamdata\script\checkdball_bundang.sh
D:\src\Script\spamdata\script\checkTime_sfs.sh
D:\src\Script\spamdata\script\check_mfs_stat.sh
D:\src\Script\spamdata\script\check_redis_key.sh
D:\src\Script\spamdata\script\disMP_emsagent2.sh
D:\src\Script\spamdata\script\disMP_emsagent3.sh
D:\src\Script\spamdata\script\disMP_WEB.sh
D:\src\Script\spamdata\script\emsagent_disMPAl2l.sh
D:\src\Script\spamdata\script\emsagent_disMPAll2.sh
D:\src\Script\spamdata\script\getAllTransaction.sh
D:\src\Script\spamdata\script\getfile.sh
D:\src\Script\spamdata\script\getTransaction.sh
D:\src\Script\spamdata\script\insertAdstring.sh
D:\src\Script\spamdata\script\operation\checkNodeStat.sh
D:\src\Script\spamdata\script\operation\collectOcrImg.sh
D:\src\Script\spamdata\script\operation\collect_cutMsg.sh
D:\src\Script\spamdata\script\operation\ctl_delete_kisa_spam_data.sh
D:\src\Script\spamdata\script\operation\ctl_insert.sh
D:\src\Script\spamdata\script\operation\ctl_recovery.sh
D:\src\Script\spamdata\script\operation\ctl_send_alarm.sh
D:\src\Script\spamdata\script\operation\get_cutinfo_by_mdn.sh
D:\src\Script\spamdata\script\operation\get_push_recode.sh
D:\src\Script\spamdata\script\operation\get_push_record.sh
D:\src\Script\spamdata\script\operation\get_spamuserinfo_by_mdn.sh
D:\src\Script\spamdata\script\operation\get_svc_log.sh
D:\src\Script\spamdata\script\operation\get_traffic.sh
D:\src\Script\spamdata\script\operation\get_TspamApp_use_hist.sh
D:\src\Script\spamdata\script\operation\get_Tworld_use_hist.sh
D:\src\Script\spamdata\script\operation\get_userinfo_by_mdn.sh
D:\src\Script\spamdata\script\operation\get_userinfo_by_svc.sh
D:\src\Script\spamdata\script\operation\get_userinfo_ctr_by_mdn.sh
D:\src\Script\spamdata\script\operation\get_userinfo_ctr_by_svmno.sh
D:\src\Script\spamdata\script\operation\get_userinfo_hist_by_svmno.sh
D:\src\Script\spamdata\script\operation\get_userinfo_svmno_by_mdn.sh
D:\src\Script\spamdata\script\operation\get_vsfs_info
D:\src\Script\spamdata\script\operation\get_vsfs_info\get_vsfs_info.sh
D:\src\Script\spamdata\script\operation\get_vsfs_info\test.txt
D:\src\Script\spamdata\script\operation\get_vsfs_info\vsfs_num.txt
D:\src\Script\spamdata\script\operation\mtos\ctl_mtos_by_mdn_svc.sh
D:\src\Script\spamdata\script\operation\mtos\get_userinfo_mtos.sh
D:\src\Script\spamdata\script\operation\new_get_traffic.sh
D:\src\Script\spamdata\script\operation\recovery_message
D:\src\Script\spamdata\script\operation\recovery_message\ctl_recovery.sh
D:\src\Script\spamdata\script\operation\recovery_message\select_all_recover.sql
D:\src\Script\spamdata\script\operation\recovery_message\select_all_recover2.sql
D:\src\Script\spamdata\script\operation\recovery_message\select_result
D:\src\Script\spamdata\script\operation\sql\archive_size.sql
D:\src\Script\spamdata\script\operation\sql\countwhitelist.sql
D:\src\Script\spamdata\script\operation\sql\deletewhitelist.sql
D:\src\Script\spamdata\script\operation\sql\tablespace.sql
D:\src\Script\spamdata\script\operation\sql\update_svcweb_usermasking.sql
D:\src\Script\spamdata\script\operation\sql\used_EMSBASEDATA1.sql
D:\src\Script\spamdata\script\operation\sql\used_ORAASFS_TH_TO_DATA1.sql
D:\src\Script\spamdata\script\operation\sql\used_ORAASFS_TM_SMS_DATA1.sql
D:\src\Script\spamdata\script\operation\sql\used_ORAASFS_TM_SMS_IDX1.sql
D:\src\Script\spamdata\script\operation\sql\used_USERS.sql
D:\src\Script\spamdata\script\operation\ssas_onoff.sh
D:\src\Script\spamdata\script\operation\tspamApp_uniqUserCount_by_month.sh
D:\src\Script\spamdata\script\remoteCmd.sh
D:\src\Script\spamdata\script\remoteCmd_all.sh
D:\src\Script\spamdata\script\remoteCmd_vspmfs.sh
D:\src\Script\spamdata\script\remote_command.sh
D:\src\Script\spamdata\script\scppw.sh
D:\src\Script\spamdata\script\scppw_dunsan.sh
D:\src\Script\spamdata\script\scppw_sample.sh
D:\src\Script\spamdata\script\sendlog_transaction_10min_sfs.sh
D:\src\Script\spamdata\script\send_sms_noti.sh
D:\src\Script\spamdata\script\send_to_dunsan.sh
D:\src\Script\spamdata\script\send_to_mult_vm.sh
D:\src\Script\spamdata\script\set_db_alias.sh
D:\src\Script\spamdata\script\set_dynm_filter_all.sh
D:\src\Script\spamdata\script\set_ems_db.sh
D:\src\Script\spamdata\script\set_filter_dynm.sh
D:\src\Script\spamdata\script\set_tnsora.sh
D:\src\Script\spamdata\script\sshhost.sh
D:\src\Script\spamdata\script\sshremote.sh
D:\src\Script\spamdata\script\tar_user.sh
D:\src\Script\spamdata\script\tmp_cmd.sh
D:\src\Script\vspagw\vmgw\script\appgw_change_db.sh
D:\src\Script\vspagw\vmgw\script\change_rel_tb.sh
D:\src\Script\vspagw\vmgw\script\checkNagService.conf
D:\src\Script\vspagw\vmgw\script\checkNagService.sh
D:\src\Script\vspagw\vmgw\script\check_html_set_ip.sh
D:\src\Script\vspagw\vmgw\script\chkList_vmgw.sh
D:\src\Script\vspagw\vmgw\script\chkList_vmgw_v3.sh
D:\src\Script\vspagw\vmgw\script\cmdrm.sh
D:\src\Script\vspagw\vmgw\script\getFTP.sh
D:\src\Script\vspagw\vmgw\script\getTraf_day.sh
D:\src\Script\vspagw\vmgw\script\getTraf_month.sh
D:\src\Script\vspagw\vmgw\script\getUser.sh
D:\src\Script\vspagw\vmgw\script\getUser_month.sh
D:\src\Script\vspagw\vmgw\script\monitor
D:\src\Script\vspagw\vmgw\script\monitor\checkAlive.conf
D:\src\Script\vspagw\vmgw\script\monitor\checkAlive.sh
D:\src\Script\vspagw\vmgw\script\monitor\checkProcess.conf
D:\src\Script\vspagw\vmgw\script\monitor\checkProcess.sh
D:\src\Script\vspagw\vmgw\script\monitor\checkService.conf
D:\src\Script\vspagw\vmgw\script\monitor\checkService.sh
D:\src\Script\vspagw\vmgw\script\monitor\checkSession.conf
D:\src\Script\vspagw\vmgw\script\monitor\checkSession.sh
D:\src\Script\vspagw\vmgw\script\monitor\getCPU.sh
D:\src\Script\vspagw\vmgw\script\monitor\getMEM.sh
D:\src\Script\vspagw\vmgw\script\monitor\getSvcStat.sh
D:\src\Script\vspagw\vmgw\script\monitor\stat
D:\src\Script\vspagw\vmgw\script\monitor\stat\.statNAG.txt
D:\src\Script\vspagw\vmgw\script\push_takeover.sh
D:\src\Script\vspagw\vmgw\script\stats
D:\src\Script\vspagw\vmgw\script\stats\getSvcStat.sh
D:\src\Script\vspagw\vmgw\script\stats\getSysStat.sh
D:\src\Script\vspagw\vmgw\script\stat_vmgw_1min.sh
D:\src\Script\vspagw\vmgw\script\takeover.sh
D:\src\Script\vspagw\vmgw\script\test.sh
D:\src\Script\vspiis\asfs\.conf
D:\src\Script\vspiis\asfs\deletelog.sh
D:\src\Script\vspiis\asfs\delete_email.sh
D:\src\Script\vspiis\asfs\ltail.sh
D:\src\Script\vspiis\asfs\session_cdsR.conf
D:\src\Script\vspiis\asfs\session_cdsR.sh
D:\src\Script\vspiis\asfs\session_cdsS.conf
D:\src\Script\vspiis\asfs\session_cdsS.sh
D:\src\Script\vspiis\asfs\util\common_func.sh
D:\src\Script\vspiis\asfs\util\default_param.sh
D:\src\Script\vspiis\asfs\watchTransaction_cds.sh
D:\src\Script\vspiis\redbell\check_Alive.sh
D:\src\Script\vspiis\redbell\disMP
D:\src\Script\vspiis\redbell\exec_script.sh
D:\src\Script\vspiis\redbell\ltail.sh
D:\src\Script\vspiis\redbell\mms_test.sh
D:\src\Script\vspiis\redbell\permission_change.sh
D:\src\Script\vspiis\redbell\p_restart
D:\src\Script\vspiis\redbell\p_start
D:\src\Script\vspiis\redbell\p_stop
D:\src\Script\vspiis\redbell\restartMP
D:\src\Script\vspiis\redbell\startMP
D:\src\Script\vspiis\redbell\stopMP
D:\src\Script\vspiis\redbell\watchTransaction_mms.sh
D:\src\Script\vspiis\redbell\watchTransaction_sms.sh
D:\src\Script\vspiis\sfsis\AhoHitStat.sh
D:\src\Script\vspiis\sfsis\change_config.sh
D:\src\Script\vspiis\sfsis\change_config_without_password.sh
D:\src\Script\vspiis\sfsis\deletelogs.sh
D:\src\Script\vspiis\sfsis\email_delete.sh
D:\src\Script\vspiis\sfsis\getMem.sh
D:\src\Script\vspiis\sfsis\gtail
D:\src\Script\vspiis\sfsis\logdel.sh
D:\src\Script\vspiis\sfsis\ltail.sh
D:\src\Script\vspiis\sfsis\mgrep.sh
D:\src\Script\vspiis\sfsis\monitor_session.sh
D:\src\Script\vspiis\sfsis\watchTransaction_emailnoti.sh
D:\src\Script\vspiis\sfsis\watchTransaction_smsnoti.sh
D:\src\Script\vspiis\svcweb\checkFsecService.conf
D:\src\Script\vspiis\svcweb\checkFsecService.sh
D:\src\Script\vspiis\svcweb\checkVspaService.conf
D:\src\Script\vspiis\svcweb\checkVspaService.sh
D:\src\Script\vspiis\svcweb\checkVspaServiceDelay.conf
D:\src\Script\vspiis\svcweb\checkVspaServiceDelay.sh
D:\src\Script\vspiis\svcweb\selectKisaMsg.sh
D:\src\Script\vspmfs\sfs\script\AhoHitStat.sh
D:\src\Script\vspmfs\sfs\script\asfs_image_stat.sh
D:\src\Script\vspmfs\sfs\script\change_config.sh
D:\src\Script\vspmfs\sfs\script\change_config_without_password.sh
D:\src\Script\vspmfs\sfs\script\checkList
D:\src\Script\vspmfs\sfs\script\checkList\getAllTimeout.sh
D:\src\Script\vspmfs\sfs\script\checklist.sh
D:\src\Script\vspmfs\sfs\script\checkPKG
D:\src\Script\vspmfs\sfs\script\check_session.sh
D:\src\Script\vspmfs\sfs\script\chk_alarm_log.sh
D:\src\Script\vspmfs\sfs\script\cinstall
D:\src\Script\vspmfs\sfs\script\disCONF
D:\src\Script\vspmfs\sfs\script\disMP
D:\src\Script\vspmfs\sfs\script\email_delete.sh
D:\src\Script\vspmfs\sfs\script\exec_script.sh
D:\src\Script\vspmfs\sfs\script\fail_tail.sh
D:\src\Script\vspmfs\sfs\script\getDeepSpam.sh
D:\src\Script\vspmfs\sfs\script\getMem.sh
D:\src\Script\vspmfs\sfs\script\import_TPS.sh
D:\src\Script\vspmfs\sfs\script\killalluserproc.sh
D:\src\Script\vspmfs\sfs\script\log
D:\src\Script\vspmfs\sfs\script\logdel.sh
D:\src\Script\vspmfs\sfs\script\logmv.sh
D:\src\Script\vspmfs\sfs\script\ltail.sh
D:\src\Script\vspmfs\sfs\script\monitor_session.sh
D:\src\Script\vspmfs\sfs\script\pinstall
D:\src\Script\vspmfs\sfs\script\redisSync.sh
D:\src\Script\vspmfs\sfs\script\restartMP
D:\src\Script\vspmfs\sfs\script\sample1.sql
D:\src\Script\vspmfs\sfs\script\sample2.sql
D:\src\Script\vspmfs\sfs\script\sendemailftp.sh
D:\src\Script\vspmfs\sfs\script\sendlog_transaction_10min_sfs.sh
D:\src\Script\vspmfs\sfs\script\sfsd
D:\src\Script\vspmfs\sfs\script\sfs_check_pkg.sh
D:\src\Script\vspmfs\sfs\script\sfs_pstat.sh
D:\src\Script\vspmfs\sfs\script\sfs_signal
D:\src\Script\vspmfs\sfs\script\sfs_start.sh
D:\src\Script\vspmfs\sfs\script\sfs_stop.sh
D:\src\Script\vspmfs\sfs\script\sql\mfs_service_check.sql
D:\src\Script\vspmfs\sfs\script\startMP
D:\src\Script\vspmfs\sfs\script\stopMP
D:\src\Script\vspmfs\sfs\script\suc_tail.sh
D:\src\Script\vspmfs\sfs\script\tgwmv.sh
D:\src\Script\vspmfs\sfs\script\tltail.sh
D:\src\Script\vspmfs\sfs\script\tps
D:\src\Script\vspmfs\sfs\script\tpsT
D:\src\Script\vspmfs\sfs\script\turnon_deeplearning.sh
D:\src\Script\vspmfs\sfs\script\urlretbak.sh
D:\src\Script\vspmfs\sfs\script\urlretbak_bak.sh
D:\src\Script\vspmfs\sfs\script\urlretbak_ftp.sh
D:\src\Script\vspmfs\sfs\script\urlretbak_read.sh
D:\src\Script\vspmfs\sfs\script\watchFilterMem.sh
D:\src\Script\vspmfs\sfs\script\watchMem.sh
D:\src\Script\vspmfs\sfs\script\watchNowTps.sh
D:\src\Script\vspmfs\sfs\script\watchTPS.sh
D:\src\Script\vspmfs\sfs\script\watchTRlog.sh
D:\src\Script\vspmfs\svc\script\clear_user.sh
D:\src\Script\vspmfs\svc\script\clear_user_remote.sh
D:\src\Script\vspmfs\svc\script\cmd_lc_event.sh
D:\src\Script\vspmfs\svc\script\commonFunction.sh
D:\src\Script\vspmfs\svc\script\init_user.sh
D:\src\Script\vspmfs\svc\script\killalluserproc.sh
D:\src\Script\vspmfs\svc\script\lc_env_converter.sh
D:\src\Script\vspmfs\svc\script\make_homedir.sh
D:\src\Script\vspmfs\svc\script\monitor\runEMSCmd.sh
D:\src\Script\vspmfs\svc\script\monitor\update_TC_SESSION_CONNECT_INFO.sh
D:\src\Script\vspmfs\svc\script\parse_name.sh
D:\src\Script\vspmfs\svc\script\remote-instal-package.sh
D:\src\Script\vspmfs\svc\script\remote-install-package.sh
D:\src\Script\vspmfs\svc\script\remote-install-vnfc.sh
D:\src\Script\vspmfs\svc\script\system\alarm_list_new.txt
D:\src\Script\vspmfs\svc\script\system\checkSystemlog.sh
D:\src\Script\vspmfs\svc\script\userhome-default.tgz
D:\src\Script\vspmgw\agentSessionWatch.sh
D:\src\Script\vspmgw\change_config.sh
D:\src\Script\vspmgw\change_config_without_password.sh
D:\src\Script\vspmgw\checkList
D:\src\Script\vspmgw\chk_alarm_log.sh
D:\src\Script\vspmgw\cron_start.sh
D:\src\Script\vspmgw\EMSCmd.sh
D:\src\Script\vspmgw\fail_tail.sh
D:\src\Script\vspmgw\gtail
D:\src\Script\vspmgw\gzip_transaction.sh
D:\src\Script\vspmgw\import_TPS.sh
D:\src\Script\vspmgw\import_TPS_MMS.sh
D:\src\Script\vspmgw\logdel.sh
D:\src\Script\vspmgw\ltail.sh
D:\src\Script\vspmgw\select_tsci_checkSession.sh
D:\src\Script\vspmgw\sendlog_system_sfsgw.sh
D:\src\Script\vspmgw\sendlog_transaction_sfsgw.sh
D:\src\Script\vspmgw\session_monitor.sh
D:\src\Script\vspmgw\stos_flag.sh
D:\src\Script\vspmgw\suc_tail.sh
D:\src\Script\vspmgw\temp_count.sh
D:\src\Script\vspmgw\test_call\deleteAll.sh
D:\src\Script\vspmgw\test_call\insert_5TPS.sh
D:\src\Script\vspmgw\test_call\one_insert.sh
D:\src\Script\vspmgw\tltail.sh
D:\src\Script\vspmgw\watchTPS.sh
D:\src\Script\vspmtos\monitor\checkProcess.conf
D:\src\Script\vspmtos\monitor\checkProcess.sh
D:\src\Script\vspmtos\monitor\checkRetryFailDB.conf
D:\src\Script\vspmtos\monitor\checkRetryFailDB.sh
D:\src\Script\vspmtos\monitor\checkService.conf
D:\src\Script\vspmtos\monitor\checkService.sh
D:\src\Script\vspmtos\monitor\checkService_Cancel.conf
D:\src\Script\vspmtos\monitor\checkService_Cancel.sh
D:\src\Script\vspmtos\monitor\checkSession.conf
D:\src\Script\vspmtos\monitor\checkSession.sh
D:\src\Script\vspmtos\monitor\select_tsci_checkSession.sh
D:\src\Script\vspmtos\monitor\TEST_201904_checkService.sh
D:\src\Script\vspmtos\monitor\TEST_201904_checkService_Cancel.sh
D:\src\Script\vspmtos\mtos_serivice2.sql
D:\src\Script\vspmtos\mtos_service.sql
D:\src\Script\vspmtos\mtos_tr_count.sh
D:\src\Script\vspmtos\stats\getCPU.sh
D:\src\Script\vspmtos\stats\getMEM.sh
D:\src\Script\vspstg1\deep_study\apply_weight_last20days.sh
D:\src\Script\vspstg1\deep_study\runDeep2_Study.sh
D:\src\Script\vspstg1\deep_study\runDeep3_ChangeModel.sh
D:\src\Script\vspstg1\deep_study\runDeep_Simul.sh
D:\src\Script\vspstg1\deep_study\train_delivery\run_train.sh
D:\src\Script\vspstg1\dynm_simul\runDynm_simul.sh
D:\src\Script\vspstg1\filter_simul\runFilter_Simul.sh
D:\src\Script\vspstg1\filter_simul\runFilter_Simul_adoff.sh
D:\src\Script\vspstg1\filter_simul\runFilter_Simul_adoff_20.6.1.sh
D:\src\Script\vspstg1\filter_simul\runFilter_Simul_adoff_20.6.1_2.sh
D:\src\Script\vspstg1\filter_simul\runFilter_Simul_MachinLearing.sh
D:\src\Script\vspstg1\filter_simul\runFilter_Simul_MachinLearing_20.6.1.sh
D:\src\Script\vspstg1\filter_simul\runFilter_Simul_MachinLearing_20.6.1_2.sh
D:\src\Script\vspstg1\filter_simul\runFilter_Simul_MachinLearing_20.6.1_test.sh
D:\src\Script\vspstg1\filter_simul\runMMSKisa.sh
D:\src\Script\vspstg1\filter_simul\runReport_Check.sh
D:\src\Script\vspstg1\filter_simul\runReport_Simul.sh
D:\src\Script\vspstg1\filter_simul\runSimul.sh
D:\src\Script\vspstg1\filter_simul\urlsimul\geturl
D:\src\Script\vspstg1\filter_simul\urlsimul\urltest.cfg
D:\src\Script\vspstg1\script\AhoHitStat.sh
D:\src\Script\vspstg1\script\checkPKG
D:\src\Script\vspstg1\script\check_conf.sh
D:\src\Script\vspstg1\script\cinstall
D:\src\Script\vspstg1\script\daily_deeplearning.sh
D:\src\Script\vspstg1\script\daily_dynm.sh
D:\src\Script\vspstg1\script\daily_dynm_hour.sh
D:\src\Script\vspstg1\script\daily_reqex_msg.sh
D:\src\Script\vspstg1\script\deep_study.sh
D:\src\Script\vspstg1\script\disCONF
D:\src\Script\vspstg1\script\disMP
D:\src\Script\vspstg1\script\dynm_study.sh
D:\src\Script\vspstg1\script\dynm_study_ham.sh
D:\src\Script\vspstg1\script\dynm_study_spam.sh
D:\src\Script\vspstg1\script\exec_script.sh
D:\src\Script\vspstg1\script\getCutInfo.sh
D:\src\Script\vspstg1\script\get_different_src_cb.sh
D:\src\Script\vspstg1\script\get_mfs_stat.sh
D:\src\Script\vspstg1\script\insertAdstring.sh
D:\src\Script\vspstg1\script\morphemeDataDelete.sh
D:\src\Script\vspstg1\script\morphemeDataRecover.sh
D:\src\Script\vspstg1\script\pinstall
D:\src\Script\vspstg1\script\reload_conf.sh
D:\src\Script\vspstg1\script\restartMP
D:\src\Script\vspstg1\script\set_filter_deeplearning.sh
D:\src\Script\vspstg1\script\set_filter_machinelearning.sh
D:\src\Script\vspstg1\script\set_filter_machinelearning_off.sh
D:\src\Script\vspstg1\script\set_filter_release.sh
D:\src\Script\vspstg1\script\set_filter_release_adcut_off.sh
D:\src\Script\vspstg1\script\set_sfs_conf.sh
D:\src\Script\vspstg1\script\sfsd
D:\src\Script\vspstg1\script\sfs_check_pkg.sh
D:\src\Script\vspstg1\script\sfs_pstat.sh
D:\src\Script\vspstg1\script\sfs_start.sh
D:\src\Script\vspstg1\script\sfs_stop.sh
D:\src\Script\vspstg1\script\sql\deep_set_vspmfs_even.sql
D:\src\Script\vspstg1\script\sql\deep_set_vspmfs_odd.sql
D:\src\Script\vspstg1\script\sql\deep_set_vspstg1.sql
D:\src\Script\vspstg1\script\sql\exe_tmp.sql
D:\src\Script\vspstg1\script\sql\get_db_jihye.sh
D:\src\Script\vspstg1\script\sql\get_db_spool.sh
D:\src\Script\vspstg1\script\sql\get_db_spool_jihye.sh
D:\src\Script\vspstg1\script\sql\get_db_spool_lmk.sh
D:\src\Script\vspstg1\script\sql\info_session.sql
D:\src\Script\vspstg1\script\sql\sample1.sql
D:\src\Script\vspstg1\script\sql\sample2.sql
D:\src\Script\vspstg1\script\sql\sample3.sql
D:\src\Script\vspstg1\script\sql\sample4.sql
D:\src\Script\vspstg1\script\sql\sample5.sh
D:\src\Script\vspstg1\script\sql\sample5_mms.sql
D:\src\Script\vspstg1\script\sql\sample5_sms.sql
D:\src\Script\vspstg1\script\sql\sample6.sql
D:\src\Script\vspstg1\script\sql\sample7.sql
D:\src\Script\vspstg1\script\sql\sample8.sql
D:\src\Script\vspstg1\script\sql\search.sh
D:\src\Script\vspstg1\script\sql\sentence_delete.sql
D:\src\Script\vspstg1\script\sql\string_delete.sql
D:\src\Script\vspstg1\script\sql\test.sql
D:\src\Script\vspstg1\script\sql\test0729.sql
D:\src\Script\vspstg1\script\sql\url_delete.sql
D:\src\Script\vspstg1\script\startMP
D:\src\Script\vspstg1\script\stopMP
D:\src\Script\vspstg1\script\submit_dic.sh
D:\src\Script\vspstg1\script\tps
D:\src\Script\vspstg1\script\tpsT
D:\src\Script\vspstg1\script\watchTPS.sh
D:\src\Script\vspstg1\urlparser_simul\runUlrparser_simul.sh
D:\src\Script\vspstg1\util\dynmSimul\runSimul.sh
D:\src\Script\vspstg1\util\insertAdminFilter2\recover_study_adminfilter.sh
D:\src\Script\vspstg1\util\insertAdminFilter2\run_auto_adminfilter.sh
D:\src\Script\vspstg1\util\insertAdminFilter2\set_day_file.sh
D:\src\Script\vspstg1\util\selectTrapMMSCmsg\autoDump\cron_selectPool.sh
D:\src\Script\vspstg1\util\selectTrapMMSCmsg\autoDump\cron_selectPool_input.sh
D:\src\Script\vspstg1\util\selectTrapMMSCmsg\autoDump\send_study_files.sh
D:\src\Script\vspstg1\util\selectTrapMMSCmsg\autoDump\simul_result.sh
D:\src\Script\vspstg1\util\selectURLMessage\selectURLMessage.sh
D:\src\Script\vspstg1\util\SendSMS\easySend\easySend.sh
D:\src\Script\vspstg1\util\SendSMS\procchk.sh
D:\src\Script\vspstg1\util\SendSMS\shutdown.sh
D:\src\Script\vspstg1\util\SendSMS\startup.sh
D:\src\Script\vspstg1\util\simulator\runSimul.sh